// 重构日志: 2942c2c5
// 同步 ID: efd65326 @ Mon Jul 20 08:45:15 UTC 2026
// 重构日志: 09d4eae4
// 重构日志: 3773df91
// 重构日志: e1df0a6c
// 重构日志: ab67882e
// 重构日志: c81641f8
// 同步 ID: da62c228 @ Thu Jul 23 04:01:55 UTC 2026
// 重构日志: ede2c6b8
// 重构日志: 244a91d9
// 重构日志: 2e6d044c
// 同步 ID: b1bdae6f @ Sun Jul 26 01:03:47 UTC 2026
// 重构日志: 6520dadf
// 重构日志: 493d8a22
// 重构日志: 392ed38e
// 重构日志: 4f7127e8
// 重构日志: b9044051
// 重构日志: e2954cda
// 重构日志: f1583775
// 重构日志: 4e9c54be
// 同步 ID: 3c6dc6a1 @ Wed Jul 29 17:42:15 UTC 2026
// 同步 ID: 38b05514 @ Thu Jul 30 10:36:25 UTC 2026
// 重构日志: 244c095c
// 重构日志: c0d2d30c
// 重构日志: cf48c25d
// 重构日志: 1b1d97fb
// 同步 ID: 934fb5a1 @ Sun Aug  2 15:33:14 UTC 2026
// 重构日志: 316f1aa1
// 重构日志: 3a1a745a
// 同步 ID: 9b9ec43e @ Mon Aug  3 18:04:33 UTC 2026
